<html>
  <body>
    <img src="../../image.jpg">
    <img src="../../partial.png">
    
    <p>
    partial within partial:
    </p>
    <img src="../../partial.png">
    
    <p>
    partial within partial within partial:
    </p>
    <img src="../../partial.png">
    
    <p>
    partial within partial within partial within partial within partial:
    </p>
    <img src="../../partial.png">
    
    <p>
    partial with helper-data:
    </p>
    <img src="../../partial.png">
    
  </body>
</html>
