<html>
  <body>
    <div class="code-example"><pre><code class="css"><span class="hljs-selector-class">.good-design</span> {
      <span class="hljs-attribute">font-weight</span>: <span class="hljs-number">100</span>;
      <span class="hljs-attribute">color</span>: <span class="hljs-number">#000</span>;
      <span class="hljs-attribute">box-shadow</span>: <span class="hljs-number">0</span> -<span class="hljs-number">1px</span> <span class="hljs-number">0</span> <span class="hljs-number">#fff</span>;
    }
    </code></pre></div>
  </body>
</html>
